Traceback (most recent call last):
  File "<frozen runpy>", line 198, in _run_module_as_main
  File "<frozen runpy>", line 88, in _run_code
  File "/Users/bitanbanerjee/Library/Python/3.12/lib/python/site-packages/uvicorn/__main__.py", line 4, in <module>
    uvicorn.main()
  File "/Library/Frameworks/Python.framework/Versions/3.12/lib/python3.12/site-packages/click/core.py", line 1485, in __call__
    return self.main(*args, **kwargs)
           ^^^^^^^^^^^^^^^^^^^^^^^^^^
  File "/Library/Frameworks/Python.framework/Versions/3.12/lib/python3.12/site-packages/click/core.py", line 1406, in main
    rv = self.invoke(ctx)
         ^^^^^^^^^^^^^^^^
  File "/Library/Frameworks/Python.framework/Versions/3.12/lib/python3.12/site-packages/click/core.py", line 1269, in invoke
    return ctx.invoke(self.callback, **ctx.params)
           ^^^^^^^^^^^^^^^^^^^^^^^^^^^^^^^^^^^^^^^
  File "/Library/Frameworks/Python.framework/Versions/3.12/lib/python3.12/site-packages/click/core.py", line 824, in invoke
    return callback(*args, **kwargs)
           ^^^^^^^^^^^^^^^^^^^^^^^^^
  File "/Users/bitanbanerjee/Library/Python/3.12/lib/python/site-packages/uvicorn/main.py", line 440, in main
    run(
  File "/Users/bitanbanerjee/Library/Python/3.12/lib/python/site-packages/uvicorn/main.py", line 609, in run
    config.load_app()
  File "/Users/bitanbanerjee/Library/Python/3.12/lib/python/site-packages/uvicorn/config.py", line 427, in load_app
    return import_from_string(self.app)
           ^^^^^^^^^^^^^^^^^^^^^^^^^^^^
  File "/Users/bitanbanerjee/Library/Python/3.12/lib/python/site-packages/uvicorn/importer.py", line 19, in import_from_string
    module = importlib.import_module(module_str)
             ^^^^^^^^^^^^^^^^^^^^^^^^^^^^^^^^^^^
  File "/Library/Frameworks/Python.framework/Versions/3.12/lib/python3.12/importlib/__init__.py", line 90, in import_module
    return _bootstrap._gcd_import(name[level:], package, level)
           ^^^^^^^^^^^^^^^^^^^^^^^^^^^^^^^^^^^^^^^^^^^^^^^^^^^^
  File "<frozen importlib._bootstrap>", line 1387, in _gcd_import
  File "<frozen importlib._bootstrap>", line 1360, in _find_and_load
  File "<frozen importlib._bootstrap>", line 1331, in _find_and_load_unlocked
  File "<frozen importlib._bootstrap>", line 935, in _load_unlocked
  File "<frozen importlib._bootstrap_external>", line 995, in exec_module
  File "<frozen importlib._bootstrap>", line 488, in _call_with_frames_removed
  File "/Users/bitanbanerjee/Coding/GitHub_Repos/AiAutomation/bridge/main.py", line 5, in <module>
    from fastapi import FastAPI, HTTPException
  File "/Users/bitanbanerjee/Library/Python/3.12/lib/python/site-packages/fastapi/__init__.py", line 7, in <module>
    from .applications import FastAPI as FastAPI
  File "/Users/bitanbanerjee/Library/Python/3.12/lib/python/site-packages/fastapi/applications.py", line 7, in <module>
    from fastapi import routing
  File "/Users/bitanbanerjee/Library/Python/3.12/lib/python/site-packages/fastapi/routing.py", line 44, in <module>
    from fastapi import params
  File "/Users/bitanbanerjee/Library/Python/3.12/lib/python/site-packages/fastapi/params.py", line 7, in <module>
    from fastapi.exceptions import FastAPIDeprecationWarning
  File "/Users/bitanbanerjee/Library/Python/3.12/lib/python/site-packages/fastapi/exceptions.py", line 5, in <module>
    from pydantic import BaseModel, create_model
  File "/Library/Frameworks/Python.framework/Versions/3.12/lib/python3.12/site-packages/pydantic/__init__.py", line 5, in <module>
    from ._migration import getattr_migration
  File "/Library/Frameworks/Python.framework/Versions/3.12/lib/python3.12/site-packages/pydantic/_migration.py", line 4, in <module>
    from pydantic.warnings import PydanticDeprecatedSince20
  File "/Library/Frameworks/Python.framework/Versions/3.12/lib/python3.12/site-packages/pydantic/warnings.py", line 5, in <module>
    from .version import version_short
  File "/Library/Frameworks/Python.framework/Versions/3.12/lib/python3.12/site-packages/pydantic/version.py", line 7, in <module>
    from pydantic_core import __version__ as __pydantic_core_version__
  File "/Library/Frameworks/Python.framework/Versions/3.12/lib/python3.12/site-packages/pydantic_core/__init__.py", line 8, in <module>
    from ._pydantic_core import (
ImportError: dlopen(/Library/Frameworks/Python.framework/Versions/3.12/lib/python3.12/site-packages/pydantic_core/_pydantic_core.cpython-312-darwin.so, 0x0002): tried: '/Library/Frameworks/Python.framework/Versions/3.12/lib/python3.12/site-packages/pydantic_core/_pydantic_core.cpython-312-darwin.so' (mach-o file, but is an incompatible architecture (have 'arm64', need 'x86_64')), '/System/Volumes/Preboot/Cryptexes/OS/Library/Frameworks/Python.framework/Versions/3.12/lib/python3.12/site-packages/pydantic_core/_pydantic_core.cpython-312-darwin.so' (no such file), '/Library/Frameworks/Python.framework/Versions/3.12/lib/python3.12/site-packages/pydantic_core/_pydantic_core.cpython-312-darwin.so' (mach-o file, but is an incompatible architecture (have 'arm64', need 'x86_64'))
